------------------------------------------------------------
Timing Analyzer Summary
------------------------------------------------------------

Type  : Slow 1100mV 85C Model Setup 'fpga_niosv_inst|mem_if_ddr3_emif_fpga|pll0|pll_afi_clk'
Slack : -3.009
TNS   : -722.352

Type  : Slow 1100mV 85C Model Setup 'fpga_niosv_inst|mem_if_ddr3_emif_fpga|pll0|pll_afi_phy_clk'
Slack : 0.282
TNS   : 0.000

Type  : Slow 1100mV 85C Model Setup 'fpga_niosv_inst|mem_if_ddr3_emif_fpga|pll0|pll_addr_cmd_clk'
Slack : 0.444
TNS   : 0.000

Type  : Slow 1100mV 85C Model Setup 'fpga_niosv_inst|mem_if_ddr3_emif_fpga|pll0|pll_dq_write_clk'
Slack : 0.578
TNS   : 0.000

Type  : Slow 1100mV 85C Model Setup 'fpga_niosv_inst|mem_if_ddr3_emif_fpga|pll0|pll_avl_clk'
Slack : 0.648
TNS   : 0.000

Type  : Slow 1100mV 85C Model Setup 'fpga_niosv_inst|mem_if_ddr3_emif_fpga|pll0|pll_write_clk'
Slack : 0.957
TNS   : 0.000

Type  : Slow 1100mV 85C Model Setup 'iClock'
Slack : 5.197
TNS   : 0.000

Type  : Slow 1100mV 85C Model Setup 'altera_reserved_tck'
Slack : 7.110
TNS   : 0.000

Type  : Slow 1100mV 85C Model Setup 'fpga_niosv_inst|mem_if_ddr3_emif_fpga|pll0|pll_config_clk'
Slack : 8.124
TNS   : 0.000

Type  : Slow 1100mV 85C Model Hold 'altera_reserved_tck'
Slack : 0.223
TNS   : 0.000

Type  : Slow 1100mV 85C Model Hold 'fpga_niosv_inst|mem_if_ddr3_emif_fpga|pll0|pll_afi_clk'
Slack : 0.267
TNS   : 0.000

Type  : Slow 1100mV 85C Model Hold 'iClock'
Slack : 0.299
TNS   : 0.000

Type  : Slow 1100mV 85C Model Hold 'fpga_niosv_inst|mem_if_ddr3_emif_fpga|pll0|pll_write_clk'
Slack : 0.303
TNS   : 0.000

Type  : Slow 1100mV 85C Model Hold 'fpga_niosv_inst|mem_if_ddr3_emif_fpga|pll0|pll_avl_clk'
Slack : 0.369
TNS   : 0.000

Type  : Slow 1100mV 85C Model Hold 'fpga_niosv_inst|mem_if_ddr3_emif_fpga|pll0|pll_addr_cmd_clk'
Slack : 0.480
TNS   : 0.000

Type  : Slow 1100mV 85C Model Hold 'fpga_niosv_inst|mem_if_ddr3_emif_fpga|pll0|pll_config_clk'
Slack : 0.505
TNS   : 0.000

Type  : Slow 1100mV 85C Model Hold 'fpga_niosv_inst|mem_if_ddr3_emif_fpga|pll0|pll_dq_write_clk'
Slack : 0.609
TNS   : 0.000

Type  : Slow 1100mV 85C Model Hold 'fpga_niosv_inst|mem_if_ddr3_emif_fpga|pll0|pll_afi_phy_clk'
Slack : 1.843
TNS   : 0.000

Type  : Slow 1100mV 85C Model Recovery 'fpga_niosv_inst|mem_if_ddr3_emif_fpga|pll0|pll_afi_clk'
Slack : 0.533
TNS   : 0.000

Type  : Slow 1100mV 85C Model Recovery 'fpga_niosv_inst|mem_if_ddr3_emif_fpga|pll0|pll_addr_cmd_clk'
Slack : 1.099
TNS   : 0.000

Type  : Slow 1100mV 85C Model Recovery 'fpga_niosv_inst|mem_if_ddr3_emif_fpga|pll0|pll_write_clk'
Slack : 1.879
TNS   : 0.000

Type  : Slow 1100mV 85C Model Recovery 'fpga_niosv_inst|mem_if_ddr3_emif_fpga|pll0|pll_afi_phy_clk'
Slack : 8.572
TNS   : 0.000

Type  : Slow 1100mV 85C Model Recovery 'iClock'
Slack : 11.175
TNS   : 0.000

Type  : Slow 1100mV 85C Model Recovery 'altera_reserved_tck'
Slack : 13.842
TNS   : 0.000

Type  : Slow 1100mV 85C Model Recovery 'fpga_niosv_inst|mem_if_ddr3_emif_fpga|pll0|pll_avl_clk'
Slack : 14.394
TNS   : 0.000

Type  : Slow 1100mV 85C Model Recovery 'fpga_niosv_inst|mem_if_ddr3_emif_fpga|pll0|pll_config_clk'
Slack : 17.134
TNS   : 0.000

Type  : Slow 1100mV 85C Model Removal 'fpga_niosv_inst|mem_if_ddr3_emif_fpga|pll0|pll_afi_clk'
Slack : 0.916
TNS   : 0.000

Type  : Slow 1100mV 85C Model Removal 'iClock'
Slack : 0.923
TNS   : 0.000

Type  : Slow 1100mV 85C Model Removal 'fpga_niosv_inst|mem_if_ddr3_emif_fpga|pll0|pll_avl_clk'
Slack : 1.169
TNS   : 0.000

Type  : Slow 1100mV 85C Model Removal 'fpga_niosv_inst|mem_if_ddr3_emif_fpga|pll0|pll_config_clk'
Slack : 1.188
TNS   : 0.000

Type  : Slow 1100mV 85C Model Removal 'fpga_niosv_inst|mem_if_ddr3_emif_fpga|pll0|pll_addr_cmd_clk'
Slack : 1.380
TNS   : 0.000

Type  : Slow 1100mV 85C Model Removal 'altera_reserved_tck'
Slack : 1.398
TNS   : 0.000

Type  : Slow 1100mV 85C Model Removal 'fpga_niosv_inst|mem_if_ddr3_emif_fpga|pll0|pll_write_clk'
Slack : 1.416
TNS   : 0.000

Type  : Slow 1100mV 85C Model Removal 'fpga_niosv_inst|mem_if_ddr3_emif_fpga|pll0|pll_afi_phy_clk'
Slack : 1.511
TNS   : 0.000

Type  : Slow 1100mV 85C Model Minimum Pulse Width 'fpga_niosv_inst|mem_if_ddr3_emif_fpga|pll0|pll_dq_write_clk'
Slack : 0.832
TNS   : 0.000

Type  : Slow 1100mV 85C Model Minimum Pulse Width 'fpga_niosv_inst|mem_if_ddr3_emif_fpga|pll0|pll_write_clk'
Slack : 0.836
TNS   : 0.000

Type  : Slow 1100mV 85C Model Minimum Pulse Width 'fpga_niosv_inst|mem_if_ddr3_emif_fpga|pll0|pll_afi_clk'
Slack : 1.111
TNS   : 0.000

Type  : Slow 1100mV 85C Model Minimum Pulse Width 'fpga_niosv_inst|mem_if_ddr3_emif_fpga|pll0|pll_addr_cmd_clk'
Slack : 2.250
TNS   : 0.000

Type  : Slow 1100mV 85C Model Minimum Pulse Width 'fpga_niosv_inst|mem_if_ddr3_emif_fpga|pll0|pll_afi_phy_clk'
Slack : 2.498
TNS   : 0.000

Type  : Slow 1100mV 85C Model Minimum Pulse Width 'iClock'
Slack : 8.315
TNS   : 0.000

Type  : Slow 1100mV 85C Model Minimum Pulse Width 'fpga_niosv_inst|mem_if_ddr3_emif_fpga|pll0|pll_avl_clk'
Slack : 8.381
TNS   : 0.000

Type  : Slow 1100mV 85C Model Minimum Pulse Width 'altera_reserved_tck'
Slack : 14.926
TNS   : 0.000

Type  : Slow 1100mV 85C Model Minimum Pulse Width 'fpga_niosv_inst|mem_if_ddr3_emif_fpga|pll0|pll_config_clk'
Slack : 18.846
TNS   : 0.000

Type  : Slow 1100mV 0C Model Setup 'fpga_niosv_inst|mem_if_ddr3_emif_fpga|pll0|pll_afi_clk'
Slack : -3.339
TNS   : -555.149

Type  : Slow 1100mV 0C Model Setup 'fpga_niosv_inst|mem_if_ddr3_emif_fpga|pll0|pll_addr_cmd_clk'
Slack : 0.531
TNS   : 0.000

Type  : Slow 1100mV 0C Model Setup 'fpga_niosv_inst|mem_if_ddr3_emif_fpga|pll0|pll_afi_phy_clk'
Slack : 0.532
TNS   : 0.000

Type  : Slow 1100mV 0C Model Setup 'fpga_niosv_inst|mem_if_ddr3_emif_fpga|pll0|pll_dq_write_clk'
Slack : 0.616
TNS   : 0.000

Type  : Slow 1100mV 0C Model Setup 'fpga_niosv_inst|mem_if_ddr3_emif_fpga|pll0|pll_avl_clk'
Slack : 0.716
TNS   : 0.000

Type  : Slow 1100mV 0C Model Setup 'fpga_niosv_inst|mem_if_ddr3_emif_fpga|pll0|pll_write_clk'
Slack : 1.256
TNS   : 0.000

Type  : Slow 1100mV 0C Model Setup 'iClock'
Slack : 5.332
TNS   : 0.000

Type  : Slow 1100mV 0C Model Setup 'altera_reserved_tck'
Slack : 7.461
TNS   : 0.000

Type  : Slow 1100mV 0C Model Setup 'fpga_niosv_inst|mem_if_ddr3_emif_fpga|pll0|pll_config_clk'
Slack : 8.024
TNS   : 0.000

Type  : Slow 1100mV 0C Model Hold 'fpga_niosv_inst|mem_if_ddr3_emif_fpga|pll0|pll_afi_clk'
Slack : 0.248
TNS   : 0.000

Type  : Slow 1100mV 0C Model Hold 'altera_reserved_tck'
Slack : 0.253
TNS   : 0.000

Type  : Slow 1100mV 0C Model Hold 'iClock'
Slack : 0.291
TNS   : 0.000

Type  : Slow 1100mV 0C Model Hold 'fpga_niosv_inst|mem_if_ddr3_emif_fpga|pll0|pll_write_clk'
Slack : 0.347
TNS   : 0.000

Type  : Slow 1100mV 0C Model Hold 'fpga_niosv_inst|mem_if_ddr3_emif_fpga|pll0|pll_avl_clk'
Slack : 0.363
TNS   : 0.000

Type  : Slow 1100mV 0C Model Hold 'fpga_niosv_inst|mem_if_ddr3_emif_fpga|pll0|pll_addr_cmd_clk'
Slack : 0.465
TNS   : 0.000

Type  : Slow 1100mV 0C Model Hold 'fpga_niosv_inst|mem_if_ddr3_emif_fpga|pll0|pll_config_clk'
Slack : 0.493
TNS   : 0.000

Type  : Slow 1100mV 0C Model Hold 'fpga_niosv_inst|mem_if_ddr3_emif_fpga|pll0|pll_dq_write_clk'
Slack : 0.739
TNS   : 0.000

Type  : Slow 1100mV 0C Model Hold 'fpga_niosv_inst|mem_if_ddr3_emif_fpga|pll0|pll_afi_phy_clk'
Slack : 1.727
TNS   : 0.000

Type  : Slow 1100mV 0C Model Recovery 'fpga_niosv_inst|mem_if_ddr3_emif_fpga|pll0|pll_afi_clk'
Slack : 0.809
TNS   : 0.000

Type  : Slow 1100mV 0C Model Recovery 'fpga_niosv_inst|mem_if_ddr3_emif_fpga|pll0|pll_addr_cmd_clk'
Slack : 1.255
TNS   : 0.000

Type  : Slow 1100mV 0C Model Recovery 'fpga_niosv_inst|mem_if_ddr3_emif_fpga|pll0|pll_write_clk'
Slack : 2.114
TNS   : 0.000

Type  : Slow 1100mV 0C Model Recovery 'fpga_niosv_inst|mem_if_ddr3_emif_fpga|pll0|pll_afi_phy_clk'
Slack : 8.756
TNS   : 0.000

Type  : Slow 1100mV 0C Model Recovery 'iClock'
Slack : 11.523
TNS   : 0.000

Type  : Slow 1100mV 0C Model Recovery 'altera_reserved_tck'
Slack : 14.023
TNS   : 0.000

Type  : Slow 1100mV 0C Model Recovery 'fpga_niosv_inst|mem_if_ddr3_emif_fpga|pll0|pll_avl_clk'
Slack : 14.653
TNS   : 0.000

Type  : Slow 1100mV 0C Model Recovery 'fpga_niosv_inst|mem_if_ddr3_emif_fpga|pll0|pll_config_clk'
Slack : 17.282
TNS   : 0.000

Type  : Slow 1100mV 0C Model Removal 'fpga_niosv_inst|mem_if_ddr3_emif_fpga|pll0|pll_afi_clk'
Slack : 0.781
TNS   : 0.000

Type  : Slow 1100mV 0C Model Removal 'iClock'
Slack : 0.848
TNS   : 0.000

Type  : Slow 1100mV 0C Model Removal 'fpga_niosv_inst|mem_if_ddr3_emif_fpga|pll0|pll_avl_clk'
Slack : 1.095
TNS   : 0.000

Type  : Slow 1100mV 0C Model Removal 'fpga_niosv_inst|mem_if_ddr3_emif_fpga|pll0|pll_config_clk'
Slack : 1.114
TNS   : 0.000

Type  : Slow 1100mV 0C Model Removal 'fpga_niosv_inst|mem_if_ddr3_emif_fpga|pll0|pll_addr_cmd_clk'
Slack : 1.221
TNS   : 0.000

Type  : Slow 1100mV 0C Model Removal 'altera_reserved_tck'
Slack : 1.298
TNS   : 0.000

Type  : Slow 1100mV 0C Model Removal 'fpga_niosv_inst|mem_if_ddr3_emif_fpga|pll0|pll_write_clk'
Slack : 1.324
TNS   : 0.000

Type  : Slow 1100mV 0C Model Removal 'fpga_niosv_inst|mem_if_ddr3_emif_fpga|pll0|pll_afi_phy_clk'
Slack : 1.428
TNS   : 0.000

Type  : Slow 1100mV 0C Model Minimum Pulse Width 'fpga_niosv_inst|mem_if_ddr3_emif_fpga|pll0|pll_dq_write_clk'
Slack : 0.839
TNS   : 0.000

Type  : Slow 1100mV 0C Model Minimum Pulse Width 'fpga_niosv_inst|mem_if_ddr3_emif_fpga|pll0|pll_write_clk'
Slack : 0.845
TNS   : 0.000

Type  : Slow 1100mV 0C Model Minimum Pulse Width 'fpga_niosv_inst|mem_if_ddr3_emif_fpga|pll0|pll_afi_clk'
Slack : 1.111
TNS   : 0.000

Type  : Slow 1100mV 0C Model Minimum Pulse Width 'fpga_niosv_inst|mem_if_ddr3_emif_fpga|pll0|pll_addr_cmd_clk'
Slack : 2.200
TNS   : 0.000

Type  : Slow 1100mV 0C Model Minimum Pulse Width 'fpga_niosv_inst|mem_if_ddr3_emif_fpga|pll0|pll_afi_phy_clk'
Slack : 2.507
TNS   : 0.000

Type  : Slow 1100mV 0C Model Minimum Pulse Width 'iClock'
Slack : 8.250
TNS   : 0.000

Type  : Slow 1100mV 0C Model Minimum Pulse Width 'fpga_niosv_inst|mem_if_ddr3_emif_fpga|pll0|pll_avl_clk'
Slack : 8.345
TNS   : 0.000

Type  : Slow 1100mV 0C Model Minimum Pulse Width 'altera_reserved_tck'
Slack : 14.878
TNS   : 0.000

Type  : Slow 1100mV 0C Model Minimum Pulse Width 'fpga_niosv_inst|mem_if_ddr3_emif_fpga|pll0|pll_config_clk'
Slack : 18.855
TNS   : 0.000

Type  : Fast 1100mV 85C Model Setup 'fpga_niosv_inst|mem_if_ddr3_emif_fpga|pll0|pll_dq_write_clk'
Slack : 1.763
TNS   : 0.000

Type  : Fast 1100mV 85C Model Setup 'fpga_niosv_inst|mem_if_ddr3_emif_fpga|pll0|pll_afi_clk'
Slack : 2.506
TNS   : 0.000

Type  : Fast 1100mV 85C Model Setup 'fpga_niosv_inst|mem_if_ddr3_emif_fpga|pll0|pll_addr_cmd_clk'
Slack : 2.619
TNS   : 0.000

Type  : Fast 1100mV 85C Model Setup 'fpga_niosv_inst|mem_if_ddr3_emif_fpga|pll0|pll_write_clk'
Slack : 2.869
TNS   : 0.000

Type  : Fast 1100mV 85C Model Setup 'fpga_niosv_inst|mem_if_ddr3_emif_fpga|pll0|pll_afi_phy_clk'
Slack : 3.689
TNS   : 0.000

Type  : Fast 1100mV 85C Model Setup 'fpga_niosv_inst|mem_if_ddr3_emif_fpga|pll0|pll_avl_clk'
Slack : 3.714
TNS   : 0.000

Type  : Fast 1100mV 85C Model Setup 'altera_reserved_tck'
Slack : 12.577
TNS   : 0.000

Type  : Fast 1100mV 85C Model Setup 'iClock'
Slack : 12.684
TNS   : 0.000

Type  : Fast 1100mV 85C Model Setup 'fpga_niosv_inst|mem_if_ddr3_emif_fpga|pll0|pll_config_clk'
Slack : 14.722
TNS   : 0.000

Type  : Fast 1100mV 85C Model Hold 'altera_reserved_tck'
Slack : 0.124
TNS   : 0.000

Type  : Fast 1100mV 85C Model Hold 'iClock'
Slack : 0.134
TNS   : 0.000

Type  : Fast 1100mV 85C Model Hold 'fpga_niosv_inst|mem_if_ddr3_emif_fpga|pll0|pll_write_clk'
Slack : 0.156
TNS   : 0.000

Type  : Fast 1100mV 85C Model Hold 'fpga_niosv_inst|mem_if_ddr3_emif_fpga|pll0|pll_avl_clk'
Slack : 0.164
TNS   : 0.000

Type  : Fast 1100mV 85C Model Hold 'fpga_niosv_inst|mem_if_ddr3_emif_fpga|pll0|pll_afi_clk'
Slack : 0.177
TNS   : 0.000

Type  : Fast 1100mV 85C Model Hold 'fpga_niosv_inst|mem_if_ddr3_emif_fpga|pll0|pll_config_clk'
Slack : 0.184
TNS   : 0.000

Type  : Fast 1100mV 85C Model Hold 'fpga_niosv_inst|mem_if_ddr3_emif_fpga|pll0|pll_addr_cmd_clk'
Slack : 0.205
TNS   : 0.000

Type  : Fast 1100mV 85C Model Hold 'fpga_niosv_inst|mem_if_ddr3_emif_fpga|pll0|pll_dq_write_clk'
Slack : 0.684
TNS   : 0.000

Type  : Fast 1100mV 85C Model Hold 'fpga_niosv_inst|mem_if_ddr3_emif_fpga|pll0|pll_afi_phy_clk'
Slack : 0.772
TNS   : 0.000

Type  : Fast 1100mV 85C Model Recovery 'fpga_niosv_inst|mem_if_ddr3_emif_fpga|pll0|pll_afi_clk'
Slack : 3.298
TNS   : 0.000

Type  : Fast 1100mV 85C Model Recovery 'fpga_niosv_inst|mem_if_ddr3_emif_fpga|pll0|pll_addr_cmd_clk'
Slack : 4.086
TNS   : 0.000

Type  : Fast 1100mV 85C Model Recovery 'fpga_niosv_inst|mem_if_ddr3_emif_fpga|pll0|pll_write_clk'
Slack : 4.287
TNS   : 0.000

Type  : Fast 1100mV 85C Model Recovery 'fpga_niosv_inst|mem_if_ddr3_emif_fpga|pll0|pll_afi_phy_clk'
Slack : 11.094
TNS   : 0.000

Type  : Fast 1100mV 85C Model Recovery 'iClock'
Slack : 15.333
TNS   : 0.000

Type  : Fast 1100mV 85C Model Recovery 'altera_reserved_tck'
Slack : 15.876
TNS   : 0.000

Type  : Fast 1100mV 85C Model Recovery 'fpga_niosv_inst|mem_if_ddr3_emif_fpga|pll0|pll_avl_clk'
Slack : 16.937
TNS   : 0.000

Type  : Fast 1100mV 85C Model Recovery 'fpga_niosv_inst|mem_if_ddr3_emif_fpga|pll0|pll_config_clk'
Slack : 18.737
TNS   : 0.000

Type  : Fast 1100mV 85C Model Removal 'iClock'
Slack : 0.371
TNS   : 0.000

Type  : Fast 1100mV 85C Model Removal 'fpga_niosv_inst|mem_if_ddr3_emif_fpga|pll0|pll_afi_clk'
Slack : 0.387
TNS   : 0.000

Type  : Fast 1100mV 85C Model Removal 'altera_reserved_tck'
Slack : 0.442
TNS   : 0.000

Type  : Fast 1100mV 85C Model Removal 'fpga_niosv_inst|mem_if_ddr3_emif_fpga|pll0|pll_avl_clk'
Slack : 0.451
TNS   : 0.000

Type  : Fast 1100mV 85C Model Removal 'fpga_niosv_inst|mem_if_ddr3_emif_fpga|pll0|pll_config_clk'
Slack : 0.475
TNS   : 0.000

Type  : Fast 1100mV 85C Model Removal 'fpga_niosv_inst|mem_if_ddr3_emif_fpga|pll0|pll_write_clk'
Slack : 0.564
TNS   : 0.000

Type  : Fast 1100mV 85C Model Removal 'fpga_niosv_inst|mem_if_ddr3_emif_fpga|pll0|pll_addr_cmd_clk'
Slack : 0.620
TNS   : 0.000

Type  : Fast 1100mV 85C Model Removal 'fpga_niosv_inst|mem_if_ddr3_emif_fpga|pll0|pll_afi_phy_clk'
Slack : 0.680
TNS   : 0.000

Type  : Fast 1100mV 85C Model Minimum Pulse Width 'fpga_niosv_inst|mem_if_ddr3_emif_fpga|pll0|pll_write_clk'
Slack : 1.307
TNS   : 0.000

Type  : Fast 1100mV 85C Model Minimum Pulse Width 'fpga_niosv_inst|mem_if_ddr3_emif_fpga|pll0|pll_dq_write_clk'
Slack : 1.309
TNS   : 0.000

Type  : Fast 1100mV 85C Model Minimum Pulse Width 'fpga_niosv_inst|mem_if_ddr3_emif_fpga|pll0|pll_afi_clk'
Slack : 2.223
TNS   : 0.000

Type  : Fast 1100mV 85C Model Minimum Pulse Width 'fpga_niosv_inst|mem_if_ddr3_emif_fpga|pll0|pll_addr_cmd_clk'
Slack : 2.858
TNS   : 0.000

Type  : Fast 1100mV 85C Model Minimum Pulse Width 'fpga_niosv_inst|mem_if_ddr3_emif_fpga|pll0|pll_afi_phy_clk'
Slack : 2.966
TNS   : 0.000

Type  : Fast 1100mV 85C Model Minimum Pulse Width 'iClock'
Slack : 8.805
TNS   : 0.000

Type  : Fast 1100mV 85C Model Minimum Pulse Width 'fpga_niosv_inst|mem_if_ddr3_emif_fpga|pll0|pll_avl_clk'
Slack : 8.890
TNS   : 0.000

Type  : Fast 1100mV 85C Model Minimum Pulse Width 'altera_reserved_tck'
Slack : 14.793
TNS   : 0.000

Type  : Fast 1100mV 85C Model Minimum Pulse Width 'fpga_niosv_inst|mem_if_ddr3_emif_fpga|pll0|pll_config_clk'
Slack : 19.517
TNS   : 0.000

Type  : Fast 1100mV 0C Model Setup 'fpga_niosv_inst|mem_if_ddr3_emif_fpga|pll0|pll_dq_write_clk'
Slack : 1.787
TNS   : 0.000

Type  : Fast 1100mV 0C Model Setup 'fpga_niosv_inst|mem_if_ddr3_emif_fpga|pll0|pll_addr_cmd_clk'
Slack : 2.788
TNS   : 0.000

Type  : Fast 1100mV 0C Model Setup 'fpga_niosv_inst|mem_if_ddr3_emif_fpga|pll0|pll_afi_clk'
Slack : 2.862
TNS   : 0.000

Type  : Fast 1100mV 0C Model Setup 'fpga_niosv_inst|mem_if_ddr3_emif_fpga|pll0|pll_write_clk'
Slack : 2.887
TNS   : 0.000

Type  : Fast 1100mV 0C Model Setup 'fpga_niosv_inst|mem_if_ddr3_emif_fpga|pll0|pll_afi_phy_clk'
Slack : 3.901
TNS   : 0.000

Type  : Fast 1100mV 0C Model Setup 'fpga_niosv_inst|mem_if_ddr3_emif_fpga|pll0|pll_avl_clk'
Slack : 3.990
TNS   : 0.000

Type  : Fast 1100mV 0C Model Setup 'altera_reserved_tck'
Slack : 13.099
TNS   : 0.000

Type  : Fast 1100mV 0C Model Setup 'iClock'
Slack : 13.571
TNS   : 0.000

Type  : Fast 1100mV 0C Model Setup 'fpga_niosv_inst|mem_if_ddr3_emif_fpga|pll0|pll_config_clk'
Slack : 15.167
TNS   : 0.000

Type  : Fast 1100mV 0C Model Hold 'altera_reserved_tck'
Slack : 0.114
TNS   : 0.000

Type  : Fast 1100mV 0C Model Hold 'iClock'
Slack : 0.123
TNS   : 0.000

Type  : Fast 1100mV 0C Model Hold 'fpga_niosv_inst|mem_if_ddr3_emif_fpga|pll0|pll_write_clk'
Slack : 0.142
TNS   : 0.000

Type  : Fast 1100mV 0C Model Hold 'fpga_niosv_inst|mem_if_ddr3_emif_fpga|pll0|pll_avl_clk'
Slack : 0.147
TNS   : 0.000

Type  : Fast 1100mV 0C Model Hold 'fpga_niosv_inst|mem_if_ddr3_emif_fpga|pll0|pll_afi_clk'
Slack : 0.159
TNS   : 0.000

Type  : Fast 1100mV 0C Model Hold 'fpga_niosv_inst|mem_if_ddr3_emif_fpga|pll0|pll_config_clk'
Slack : 0.172
TNS   : 0.000

Type  : Fast 1100mV 0C Model Hold 'fpga_niosv_inst|mem_if_ddr3_emif_fpga|pll0|pll_addr_cmd_clk'
Slack : 0.191
TNS   : 0.000

Type  : Fast 1100mV 0C Model Hold 'fpga_niosv_inst|mem_if_ddr3_emif_fpga|pll0|pll_dq_write_clk'
Slack : 0.695
TNS   : 0.000

Type  : Fast 1100mV 0C Model Hold 'fpga_niosv_inst|mem_if_ddr3_emif_fpga|pll0|pll_afi_phy_clk'
Slack : 0.711
TNS   : 0.000

Type  : Fast 1100mV 0C Model Recovery 'fpga_niosv_inst|mem_if_ddr3_emif_fpga|pll0|pll_afi_clk'
Slack : 3.707
TNS   : 0.000

Type  : Fast 1100mV 0C Model Recovery 'fpga_niosv_inst|mem_if_ddr3_emif_fpga|pll0|pll_addr_cmd_clk'
Slack : 4.297
TNS   : 0.000

Type  : Fast 1100mV 0C Model Recovery 'fpga_niosv_inst|mem_if_ddr3_emif_fpga|pll0|pll_write_clk'
Slack : 4.466
TNS   : 0.000

Type  : Fast 1100mV 0C Model Recovery 'fpga_niosv_inst|mem_if_ddr3_emif_fpga|pll0|pll_afi_phy_clk'
Slack : 11.277
TNS   : 0.000

Type  : Fast 1100mV 0C Model Recovery 'iClock'
Slack : 15.890
TNS   : 0.000

Type  : Fast 1100mV 0C Model Recovery 'altera_reserved_tck'
Slack : 16.063
TNS   : 0.000

Type  : Fast 1100mV 0C Model Recovery 'fpga_niosv_inst|mem_if_ddr3_emif_fpga|pll0|pll_avl_clk'
Slack : 17.322
TNS   : 0.000

Type  : Fast 1100mV 0C Model Recovery 'fpga_niosv_inst|mem_if_ddr3_emif_fpga|pll0|pll_config_clk'
Slack : 18.857
TNS   : 0.000

Type  : Fast 1100mV 0C Model Removal 'iClock'
Slack : 0.314
TNS   : 0.000

Type  : Fast 1100mV 0C Model Removal 'fpga_niosv_inst|mem_if_ddr3_emif_fpga|pll0|pll_afi_clk'
Slack : 0.327
TNS   : 0.000

Type  : Fast 1100mV 0C Model Removal 'altera_reserved_tck'
Slack : 0.392
TNS   : 0.000

Type  : Fast 1100mV 0C Model Removal 'fpga_niosv_inst|mem_if_ddr3_emif_fpga|pll0|pll_avl_clk'
Slack : 0.403
TNS   : 0.000

Type  : Fast 1100mV 0C Model Removal 'fpga_niosv_inst|mem_if_ddr3_emif_fpga|pll0|pll_config_clk'
Slack : 0.424
TNS   : 0.000

Type  : Fast 1100mV 0C Model Removal 'fpga_niosv_inst|mem_if_ddr3_emif_fpga|pll0|pll_addr_cmd_clk'
Slack : 0.518
TNS   : 0.000

Type  : Fast 1100mV 0C Model Removal 'fpga_niosv_inst|mem_if_ddr3_emif_fpga|pll0|pll_write_clk'
Slack : 0.550
TNS   : 0.000

Type  : Fast 1100mV 0C Model Removal 'fpga_niosv_inst|mem_if_ddr3_emif_fpga|pll0|pll_afi_phy_clk'
Slack : 0.619
TNS   : 0.000

Type  : Fast 1100mV 0C Model Minimum Pulse Width 'fpga_niosv_inst|mem_if_ddr3_emif_fpga|pll0|pll_write_clk'
Slack : 1.301
TNS   : 0.000

Type  : Fast 1100mV 0C Model Minimum Pulse Width 'fpga_niosv_inst|mem_if_ddr3_emif_fpga|pll0|pll_dq_write_clk'
Slack : 1.306
TNS   : 0.000

Type  : Fast 1100mV 0C Model Minimum Pulse Width 'fpga_niosv_inst|mem_if_ddr3_emif_fpga|pll0|pll_afi_clk'
Slack : 2.221
TNS   : 0.000

Type  : Fast 1100mV 0C Model Minimum Pulse Width 'fpga_niosv_inst|mem_if_ddr3_emif_fpga|pll0|pll_addr_cmd_clk'
Slack : 2.852
TNS   : 0.000

Type  : Fast 1100mV 0C Model Minimum Pulse Width 'fpga_niosv_inst|mem_if_ddr3_emif_fpga|pll0|pll_afi_phy_clk'
Slack : 2.962
TNS   : 0.000

Type  : Fast 1100mV 0C Model Minimum Pulse Width 'iClock'
Slack : 8.796
TNS   : 0.000

Type  : Fast 1100mV 0C Model Minimum Pulse Width 'fpga_niosv_inst|mem_if_ddr3_emif_fpga|pll0|pll_avl_clk'
Slack : 8.890
TNS   : 0.000

Type  : Fast 1100mV 0C Model Minimum Pulse Width 'altera_reserved_tck'
Slack : 14.786
TNS   : 0.000

Type  : Fast 1100mV 0C Model Minimum Pulse Width 'fpga_niosv_inst|mem_if_ddr3_emif_fpga|pll0|pll_config_clk'
Slack : 19.521
TNS   : 0.000

------------------------------------------------------------
Info: see the "DDR report" for DDR timing results
------------------------------------------------------------
------------------------------------------------------------
